Warning: You are sending unauthenticated requests to the HF Hub. Please set a HF_TOKEN to enable higher rate limits and faster downloads.

Loading weights:   0%|          | 0/199 [00:00<?, ?it/s]
Loading weights:  10%|9         | 19/199 [00:00<00:00, 188.66it/s]
Loading weights:  29%|##9       | 58/199 [00:00<00:00, 285.72it/s]
Loading weights:  44%|####3     | 87/199 [00:00<00:00, 261.52it/s]
Loading weights: 100%|##########| 199/199 [00:00<00:00, 584.83it/s]
Loading cached pool from C:\research\vector-benchmark\embeddings\master_pool.pkl
--- Generating tier: 1000000 vectors ---
  256/1000000 done, 36.0 sent/sec
  5376/1000000 done, 36.7 sent/sec
  10496/1000000 done, 35.3 sent/sec
  15616/1000000 done, 33.5 sent/sec
  20736/1000000 done, 33.2 sent/sec
  25856/1000000 done, 33.2 sent/sec
  30976/1000000 done, 34.0 sent/sec
  36096/1000000 done, 34.3 sent/sec
  41216/1000000 done, 35.1 sent/sec
  46336/1000000 done, 35.2 sent/sec
  51456/1000000 done, 35.4 sent/sec
  56576/1000000 done, 35.4 sent/sec
  61696/1000000 done, 35.7 sent/sec
  66816/1000000 done, 35.8 sent/sec
  71936/1000000 done, 36.2 sent/sec
  77056/1000000 done, 36.2 sent/sec
  82176/1000000 done, 36.3 sent/sec
  87296/1000000 done, 36.3 sent/sec
  92416/1000000 done, 36.5 sent/sec
  97536/1000000 done, 36.5 sent/sec
  102656/1000000 done, 36.5 sent/sec
  107776/1000000 done, 36.6 sent/sec
  112896/1000000 done, 36.5 sent/sec
  118016/1000000 done, 36.5 sent/sec
  123136/1000000 done, 36.5 sent/sec
  128256/1000000 done, 36.5 sent/sec
  133376/1000000 done, 36.4 sent/sec
  138496/1000000 done, 36.4 sent/sec
  143616/1000000 done, 36.4 sent/sec
  148736/1000000 done, 36.4 sent/sec
  153856/1000000 done, 36.4 sent/sec
  158976/1000000 done, 36.4 sent/sec
  164096/1000000 done, 36.4 sent/sec
  169216/1000000 done, 36.4 sent/sec
  174336/1000000 done, 36.4 sent/sec
  179456/1000000 done, 36.3 sent/sec
  184576/1000000 done, 36.3 sent/sec
  189696/1000000 done, 36.3 sent/sec
  194816/1000000 done, 36.3 sent/sec
  199936/1000000 done, 36.3 sent/sec
  205056/1000000 done, 36.3 sent/sec
  210176/1000000 done, 36.3 sent/sec
  215296/1000000 done, 36.4 sent/sec
  220416/1000000 done, 36.4 sent/sec
  225536/1000000 done, 36.4 sent/sec
  230656/1000000 done, 36.4 sent/sec
  235776/1000000 done, 36.4 sent/sec
  240896/1000000 done, 36.4 sent/sec
  246016/1000000 done, 36.4 sent/sec
  251136/1000000 done, 36.4 sent/sec
  256256/1000000 done, 36.4 sent/sec
  261376/1000000 done, 36.4 sent/sec
  266496/1000000 done, 36.4 sent/sec
  271616/1000000 done, 36.4 sent/sec
  276736/1000000 done, 36.4 sent/sec
  281856/1000000 done, 36.4 sent/sec
  286976/1000000 done, 36.5 sent/sec
  292096/1000000 done, 36.5 sent/sec
  297216/1000000 done, 36.5 sent/sec
  302336/1000000 done, 36.5 sent/sec
  307456/1000000 done, 36.5 sent/sec
  312576/1000000 done, 36.3 sent/sec
  317696/1000000 done, 36.3 sent/sec
  322816/1000000 done, 36.3 sent/sec
  327936/1000000 done, 36.3 sent/sec
  333056/1000000 done, 36.3 sent/sec
  338176/1000000 done, 36.3 sent/sec
  343296/1000000 done, 36.4 sent/sec
  348416/1000000 done, 36.4 sent/sec
  353536/1000000 done, 36.4 sent/sec
  358656/1000000 done, 36.4 sent/sec
  363776/1000000 done, 36.5 sent/sec
  368896/1000000 done, 36.5 sent/sec
  374016/1000000 done, 36.5 sent/sec
  379136/1000000 done, 36.5 sent/sec
  384256/1000000 done, 36.5 sent/sec
  389376/1000000 done, 36.5 sent/sec
  394496/1000000 done, 36.6 sent/sec
  399616/1000000 done, 36.6 sent/sec
  404736/1000000 done, 36.6 sent/sec
  409856/1000000 done, 36.6 sent/sec
  414976/1000000 done, 36.6 sent/sec
  420096/1000000 done, 36.6 sent/sec
  425216/1000000 done, 36.6 sent/sec
  430336/1000000 done, 36.6 sent/sec
  435456/1000000 done, 36.6 sent/sec
  440576/1000000 done, 36.5 sent/sec
  445696/1000000 done, 36.5 sent/sec
  450816/1000000 done, 36.6 sent/sec
  455936/1000000 done, 36.6 sent/sec
  461056/1000000 done, 36.6 sent/sec
  466176/1000000 done, 36.6 sent/sec
  471296/1000000 done, 36.7 sent/sec
  476416/1000000 done, 36.7 sent/sec
  481536/1000000 done, 36.7 sent/sec
  486656/1000000 done, 36.7 sent/sec
  491776/1000000 done, 36.7 sent/sec
  496896/1000000 done, 36.8 sent/sec
  502016/1000000 done, 36.8 sent/sec
  507136/1000000 done, 36.8 sent/sec
  512256/1000000 done, 36.8 sent/sec
  517376/1000000 done, 36.8 sent/sec
  522496/1000000 done, 36.8 sent/sec
  527616/1000000 done, 36.8 sent/sec
  532736/1000000 done, 36.8 sent/sec
  537856/1000000 done, 36.8 sent/sec
  542976/1000000 done, 36.8 sent/sec
  548096/1000000 done, 36.8 sent/sec
  553216/1000000 done, 36.8 sent/sec
  558336/1000000 done, 36.8 sent/sec
  563456/1000000 done, 36.8 sent/sec
  568576/1000000 done, 36.8 sent/sec
  573696/1000000 done, 36.8 sent/sec
  578816/1000000 done, 36.8 sent/sec
  583936/1000000 done, 36.8 sent/sec
  589056/1000000 done, 36.8 sent/sec
  594176/1000000 done, 36.8 sent/sec
  599296/1000000 done, 36.8 sent/sec
  604416/1000000 done, 36.8 sent/sec
  609536/1000000 done, 36.9 sent/sec
  614656/1000000 done, 36.8 sent/sec
  619776/1000000 done, 36.8 sent/sec
  624896/1000000 done, 36.9 sent/sec
  630016/1000000 done, 36.9 sent/sec
  635136/1000000 done, 36.9 sent/sec
  640256/1000000 done, 36.9 sent/sec
  645376/1000000 done, 36.9 sent/sec
  650496/1000000 done, 36.9 sent/sec
  655616/1000000 done, 36.8 sent/sec
  660736/1000000 done, 36.9 sent/sec
  665856/1000000 done, 36.8 sent/sec
  670976/1000000 done, 36.9 sent/sec
  676096/1000000 done, 36.9 sent/sec
  681216/1000000 done, 36.8 sent/sec
  686336/1000000 done, 36.8 sent/sec
  691456/1000000 done, 36.8 sent/sec
  696576/1000000 done, 36.8 sent/sec
  701696/1000000 done, 36.8 sent/sec
  706816/1000000 done, 36.8 sent/sec
  711936/1000000 done, 36.7 sent/sec
  717056/1000000 done, 36.7 sent/sec
  722176/1000000 done, 36.7 sent/sec
  727296/1000000 done, 36.7 sent/sec
  732416/1000000 done, 36.7 sent/sec
  737536/1000000 done, 36.7 sent/sec
  742656/1000000 done, 36.7 sent/sec
  747776/1000000 done, 36.7 sent/sec
  752896/1000000 done, 36.7 sent/sec
  758016/1000000 done, 36.8 sent/sec
  763136/1000000 done, 36.8 sent/sec
  768256/1000000 done, 36.8 sent/sec
  773376/1000000 done, 36.8 sent/sec
  778496/1000000 done, 36.8 sent/sec
  783616/1000000 done, 36.8 sent/sec
  788736/1000000 done, 36.8 sent/sec
  793856/1000000 done, 36.8 sent/sec
  798976/1000000 done, 36.8 sent/sec
  804096/1000000 done, 36.8 sent/sec
  809216/1000000 done, 36.8 sent/sec
  814336/1000000 done, 36.8 sent/sec
  819456/1000000 done, 36.8 sent/sec
  824576/1000000 done, 36.8 sent/sec
  829696/1000000 done, 36.8 sent/sec
  834816/1000000 done, 36.8 sent/sec
  839936/1000000 done, 36.8 sent/sec
  845056/1000000 done, 36.8 sent/sec
  850176/1000000 done, 36.8 sent/sec
  855296/1000000 done, 36.8 sent/sec
  860416/1000000 done, 36.8 sent/sec
  865536/1000000 done, 36.8 sent/sec
  870656/1000000 done, 36.8 sent/sec
  875776/1000000 done, 36.8 sent/sec
  880896/1000000 done, 36.8 sent/sec
  886016/1000000 done, 36.8 sent/sec
  891136/1000000 done, 36.8 sent/sec
  896256/1000000 done, 36.8 sent/sec
  901376/1000000 done, 36.8 sent/sec
  906496/1000000 done, 36.8 sent/sec
  911616/1000000 done, 36.8 sent/sec
  916736/1000000 done, 36.8 sent/sec
  921856/1000000 done, 36.7 sent/sec
  926976/1000000 done, 36.7 sent/sec
  932096/1000000 done, 36.6 sent/sec
  937216/1000000 done, 36.6 sent/sec
  942336/1000000 done, 36.6 sent/sec
  947456/1000000 done, 36.6 sent/sec
  952576/1000000 done, 36.6 sent/sec
  957696/1000000 done, 36.6 sent/sec
  962816/1000000 done, 36.5 sent/sec
  967936/1000000 done, 36.5 sent/sec
  973056/1000000 done, 36.5 sent/sec
  978176/1000000 done, 36.5 sent/sec
  983296/1000000 done, 36.5 sent/sec
  988416/1000000 done, 36.5 sent/sec
  993536/1000000 done, 36.5 sent/sec
  998656/1000000 done, 36.5 sent/sec
Tier 1000000 complete in 27441.6s -> C:\research\vector-benchmark\embeddings/embeddings_1000000.npy
Exception ignored in: <function ResourceTracker.__del__ at 0x000001B910300D60>
Traceback (most recent call last):
  File "C:\research\vector-benchmark\venv\Lib\site-packages\multiprocess\resource_tracker.py", line 80, in __del__
  File "C:\research\vector-benchmark\venv\Lib\site-packages\multiprocess\resource_tracker.py", line 89, in _stop
  File "C:\research\vector-benchmark\venv\Lib\site-packages\multiprocess\resource_tracker.py", line 102, in _stop_locked
AttributeError: '_thread.RLock' object has no attribute '_recursion_count'
