Loading and normalizing the original 1M corpus (cached across both algorithms)...

=== Maintenance test: ivfflat on items_1m ===
Building fresh baseline ivfflat index...
IVFFlat built on items_1m (lists=1000): 172.0s, 4102.2MB
  [no_rebuild] ivfflat @ 0% (1000000 rows) | recall=1.0000 | QPS=40.0 | p95=40.16ms
  Inserting rows 0-100000 (100000 vectors)...
  Computing ground truth for 100000 cumulative inserts...
  [no_rebuild] ivfflat @ 10% (1100000 rows) | recall=0.9326 | QPS=29.1 | p95=71.14ms
  Inserting rows 100000-200000 (100000 vectors)...
  Computing ground truth for 200000 cumulative inserts...
  [no_rebuild] ivfflat @ 20% (1200000 rows) | recall=0.9346 | QPS=16.9 | p95=115.10ms
  Inserting rows 200000-300000 (100000 vectors)...
  Computing ground truth for 300000 cumulative inserts...
  [no_rebuild] ivfflat @ 30% (1300000 rows) | recall=0.9336 | QPS=9.7 | p95=222.06ms
  Inserting rows 300000-500000 (200000 vectors)...
  Computing ground truth for 500000 cumulative inserts...
  [no_rebuild] ivfflat @ 50% (1500000 rows) | recall=0.9372 | QPS=5.9 | p95=278.59ms
  Performing full rebuild on grown table (1500000 rows)...
IVFFlat built on items_1m (lists=1000): 208.1s, 6150.1MB
  [post_rebuild] ivfflat @ 50% (1500000 rows) | recall=0.9396 | QPS=23.5 | p95=58.97ms
Cleaned up maintenance rows, items_1m reset to 1,000,000 rows.

=== Maintenance test: hnsw on items_1m ===
Building fresh baseline hnsw index...
HNSW built on items_1m (m=32, ef_construction=128): 12200.0s, 4068.0MB
  [no_rebuild] hnsw @ 0% (1000000 rows) | recall=1.0000 | QPS=17.5 | p95=79.00ms
  Inserting rows 0-100000 (100000 vectors)...
  Computing ground truth for 100000 cumulative inserts...
  [no_rebuild] hnsw @ 10% (1100000 rows) | recall=0.9794 | QPS=20.6 | p95=109.16ms
  Inserting rows 100000-200000 (100000 vectors)...
  Computing ground truth for 200000 cumulative inserts...
  [no_rebuild] hnsw @ 20% (1200000 rows) | recall=0.9772 | QPS=14.3 | p95=184.94ms
  Inserting rows 200000-300000 (100000 vectors)...
  Computing ground truth for 300000 cumulative inserts...
  [no_rebuild] hnsw @ 30% (1300000 rows) | recall=0.9748 | QPS=9.5 | p95=204.63ms
  Inserting rows 300000-500000 (200000 vectors)...
  Computing ground truth for 500000 cumulative inserts...
  [no_rebuild] hnsw @ 50% (1500000 rows) | recall=0.9742 | QPS=10.6 | p95=220.17ms
  Performing full rebuild on grown table (1500000 rows)...